Microchip MPLAB XC8 Compiler V2.10 ()

Linker command line:

-W-3 --edf=C:\Program Files (x86)\Microchip\xc8\v2.10\pic\dat\en_msgs.txt \
  -cs -h+dist/default/production\ExemploInterrupcao.X.production.sym \
  --cmf=dist/default/production\ExemploInterrupcao.X.production.cmf -z \
  -Q18F4550 -oC:\Users\loowiz\AppData\Local\Temp\s62k.2 \
  --defsym=__MPLAB_BUILD=1 \
  -Mdist/default/production/ExemploInterrupcao.X.production.map -E1 \
  -ver=XC8 --acfsm=1493 -ASTACK=060h-07FFh -pstack=STACK -ACODE=00h-07FFFh \
  -ACONST=00h-07FFFh -ASMALLCONST=0800h-08FFhx120 \
  -AMEDIUMCONST=0800h-07FFFh -ACOMRAM=01h-05Fh -AABS1=00h-07FFh \
  -ABIGRAM=01h-07FFh -ARAM=060h-0FFh,0100h-01FFhx7 -ABANK0=060h-0FFh \
  -ABANK1=0100h-01FFh -ABANK2=0200h-02FFh -ABANK3=0300h-03FFh \
  -ABANK4=0400h-04FFh -ABANK5=0500h-05FFh -ABANK6=0600h-06FFh \
  -ABANK7=0700h-07FFh -ASFR=0F60h-0FFFh \
  -preset_vec=00h,intcode=08h,intcodelo,powerup,init -pramtop=0800h \
  -psmallconst=SMALLCONST -pmediumconst=MEDIUMCONST -pconst=CONST \
  -AFARRAM=00h-00h -ACONFIG=0300000h-030000Dh -pconfig=CONFIG \
  -AIDLOC=0200000h-0200007h -pidloc=IDLOC -AEEDATA=0F00000h-0F000FFh \
  -peeprom_data=EEDATA \
  -prdata=COMRAM,nvrram=COMRAM,nvbit=COMRAM,rbss=COMRAM,rbit=COMRAM \
  -pfarbss=FARRAM,fardata=FARRAM,nvFARRAM=FARRAM \
  -pintsave_regs=BIGRAM,bigbss=BIGRAM,bigdata=BIGRAM -pbss=RAM \
  -pidata=CODE,irdata=CODE,ibigdata=CODE,ifardata=CODE -prparam=COMRAM \
  C:\Users\loowiz\AppData\Local\Temp\s62k.o \
  dist/default/production\ExemploInterrupcao.X.production.o 

Object code version is 3.11

Machine type is 18F4550

Call graph: (short form)




                Name                               Link     Load   Length Selector   Space Scale
C:\Users\loowiz\AppData\Local\Temp\s62k.o
                init                                  E        E        4        4       0
                reset_vec                             0        0        4        0       0
                idloc                            200000   200000        8   200000       0
                config                           300000   300000        E   300000       0
dist/default/production\ExemploInterrupcao.X.production.o
                intcode                               8        8        6        4       0
                temp                                 1A       1A        1        1       1
                smallconst                          800      800       24      400       0
                text10                              CD2      CD2       3A      412       0
                intcode_body                        AF8      AF8       7C      412       0
                text8                               A66      A66       92      412       0
                text7                               C44      C44       54      412       0
                text6                               C98      C98       3A      412       0
                text5                               B74      B74       72      412       0
                text4                               BE6      BE6       5E      412       0
                text3                               D0C      D0C       36      412       0
                text2                               8F2      8F2       C4      412       0
                text1                               9B6      9B6       B0      412       0
                text0                               824      824       CE      412       0
                cstackCOMRAM                          1        1       11        1       1
                dataCOMRAM                           12       12        6        1       1
                bssCOMRAM                            18       18        2        1       1
                cinit                               D42      D42       32      412       0
                idataCOMRAM                         D74      D74        6      412       0

TOTAL           Name                               Link     Load   Length     Space
        CLASS   STACK          

        CLASS   CODE           
                intcode                               8        8        6         0
                init                                  E        E        4         0
                reset_vec                             0        0        4         0
                text10                              CD2      CD2       3A         0
                intcode_body                        AF8      AF8       7C         0
                text8                               A66      A66       92         0
                text7                               C44      C44       54         0
                text6                               C98      C98       3A         0
                text5                               B74      B74       72         0
                text4                               BE6      BE6       5E         0
                text3                               D0C      D0C       36         0
                text2                               8F2      8F2       C4         0
                text1                               9B6      9B6       B0         0
                text0                               824      824       CE         0
                cinit                               D42      D42       32         0
                idataCOMRAM                         D74      D74        6         0

        CLASS   CONST          

        CLASS   SMALLCONST     
                smallconst                          800      800       24         0

        CLASS   MEDIUMCONST    

        CLASS   COMRAM         
                temp                                 1A       1A        1         1
                cstackCOMRAM                          1        1       11         1
                dataCOMRAM                           12       12        6         1
                bssCOMRAM                            18       18        2         1

        CLASS   ABS1           

        CLASS   BIGRAM         

        CLASS   RAM            

        CLASS   BANK0          

        CLASS   BANK1          

        CLASS   BANK2          

        CLASS   BANK3          

        CLASS   BANK4          

        CLASS   BANK5          

        CLASS   BANK6          

        CLASS   BANK7          

        CLASS   SFR            

        CLASS   FARRAM         

        CLASS   CONFIG         
                config                           300000   300000        E         0

        CLASS   IDLOC          
                idloc                            200000   200000        8         0

        CLASS   EEDATA         



SEGMENTS        Name                           Load    Length   Top    Selector   Space  Class

                reset_vec                      000000  000004  000004         0       0  CODE    
                cstackCOMRAM                   000001  00001A  00001B         1       1  COMRAM  
                intcode                        000008  00000A  000012         4       0  CODE    
                smallconst                     000800  000024  000824       400       0  SMALLCON
                text0                          000824  000556  000D7A       412       0  CODE    
                idloc                          200000  000008  200008    200000       0  IDLOC   
                config                         300000  00000E  30000E    300000       0  CONFIG  


UNUSED ADDRESS RANGES

        Name                Unused          Largest block    Delta
        BANK0            000060-0000FF               A0
        BANK1            000100-0001FF              100
        BANK2            000200-0002FF              100
        BANK3            000300-0003FF              100
        BANK4            000400-0004FF              100
        BANK5            000500-0005FF              100
        BANK6            000600-0006FF              100
        BANK7            000700-0007FF              100
        BIGRAM           00001B-0007FF              7E5
        CODE             000004-000007                4
                         000012-0007FF              7EE
                         000D7A-007FFF             7286
        COMRAM           00001B-00005F               45
        CONST            000004-000007                4
                         000012-0007FF              7EE
                         000D7A-007FFF             7286
        EEDATA           F00000-F000FF              100
        MEDIUMCONST      000D7A-007FFF             7286
        RAM              000060-0007FF              100
        SFR              000F60-000FFF               A0
        SMALLCONST       000D7A-007FFF              100
        STACK            000060-0007FF              7A0

                                  Symbol Table

?___awdiv                cstackCOMRAM 000004
?___awmod                cstackCOMRAM 00000C
ComandoLCD@dado          cstackCOMRAM 000006
ComandoLCD@i             cstackCOMRAM 000005
EscreveLCD@dado          cstackCOMRAM 000005
EscreveLCD@i             cstackCOMRAM 000006
IniciaLCD@F3175          dataCOMRAM   000012
IniciaLCD@i              cstackCOMRAM 00000E
IniciaLCD@inicio         cstackCOMRAM 000008
IntExterna@opcao         cstackCOMRAM 000004
PosicionaLCD@coluna      cstackCOMRAM 000007
PosicionaLCD@linha       cstackCOMRAM 00000A
PosicionaLCD@posicao     cstackCOMRAM 00000B
StringLCD@string         cstackCOMRAM 000007
_ComandoLCD              text8        000A66
_Conta                   bssCOMRAM    000018
_EscreveLCD              text4        000BE6
_INTCON2bits             (abs)        000FF1
_INTCONbits              (abs)        000FF2
_IniciaLCD               text7        000C44
_IntExterna              text6        000C98
_PORTB                   (abs)        000F81
_PORTBbits               (abs)        000F81
_PosicionaLCD            text5        000B74
_RCONbits                (abs)        000FD0
_StringLCD               text3        000D0C
_TRISB                   (abs)        000F93
_TRISBbits               (abs)        000F93
__CFG_BOR$OFF            (abs)        000000
__CFG_BORV$0             (abs)        000000
__CFG_CCP2MX$ON          (abs)        000000
__CFG_CP0$OFF            (abs)        000000
__CFG_CP1$OFF            (abs)        000000
__CFG_CP2$OFF            (abs)        000000
__CFG_CP3$OFF            (abs)        000000
__CFG_CPB$OFF            (abs)        000000
__CFG_CPD$OFF            (abs)        000000
__CFG_CPUDIV$OSC1_PLL2   (abs)        000000
__CFG_EBTR0$OFF          (abs)        000000
__CFG_EBTR1$OFF          (abs)        000000
__CFG_EBTR2$OFF          (abs)        000000
__CFG_EBTR3$OFF          (abs)        000000
__CFG_EBTRB$OFF          (abs)        000000
__CFG_FOSC$HS            (abs)        000000
__CFG_ICPRT$OFF          (abs)        000000
__CFG_IESO$OFF           (abs)        000000
__CFG_LPT1OSC$OFF        (abs)        000000
__CFG_LVP$OFF            (abs)        000000
__CFG_MCLRE$ON           (abs)        000000
__CFG_PBADEN$OFF         (abs)        000000
__CFG_PLLDIV$1           (abs)        000000
__CFG_PWRT$ON            (abs)        000000
__CFG_USBDIV$1           (abs)        000000
__CFG_VREGEN$OFF         (abs)        000000
__CFG_WDT$OFF            (abs)        000000
__CFG_WDTPS$1            (abs)        000000
__CFG_WRT0$OFF           (abs)        000000
__CFG_WRT1$OFF           (abs)        000000
__CFG_WRT2$OFF           (abs)        000000
__CFG_WRT3$OFF           (abs)        000000
__CFG_WRTB$OFF           (abs)        000000
__CFG_WRTC$OFF           (abs)        000000
__CFG_WRTD$OFF           (abs)        000000
__CFG_XINST$OFF          (abs)        000000
__HRAM                   (abs)        000000
__Habs1                  abs1         000000
__Hbank0                 bank0        000000
__Hbank1                 bank1        000000
__Hbank2                 bank2        000000
__Hbank3                 bank3        000000
__Hbank4                 bank4        000000
__Hbank5                 bank5        000000
__Hbank6                 bank6        000000
__Hbank7                 bank7        000000
__Hbigbss                bigbss       000000
__Hbigdata               bigdata      000000
__Hbigram                bigram       000000
__Hbss                   bss          000000
__HbssCOMRAM             bssCOMRAM    000000
__Hcinit                 cinit        000000
__Hclrtext               clrtext      000000
__Hcomram                comram       000000
__Hconfig                config       30000E
__Hconst                 const        000000
__HcstackCOMRAM          cstackCOMRAM 000000
__Hdata                  data         000000
__HdataCOMRAM            dataCOMRAM   000000
__Heeprom_data           eeprom_data  000000
__Hfarbss                farbss       000000
__Hfardata               fardata      000000
__Hibigdata              ibigdata     000000
__Hidata                 idata        000000
__HidataCOMRAM           idataCOMRAM  000000
__Hidloc                 idloc        200008
__Hifardata              ifardata     000000
__Hinit                  init         000012
__Hintcode               intcode      00000E
__Hintcode_body          intcode_body 000000
__Hintcodelo             intcodelo    00000E
__Hintentry              intentry     000000
__Hintret                intret       000000
__Hintsave_regs          intsave_regs 000000
__Hirdata                irdata       000000
__Hmediumconst           mediumconst  000000
__HnvFARRAM              nvFARRAM     000000
__Hnvbit                 nvbit        000000
__Hnvrram                nvrram       000000
__Hparam                 rparam       000000
__Hpowerup               powerup      00000E
__Hram                   ram          000000
__Hramtop                ramtop       000800
__Hrbit                  rbit         000000
__Hrbss                  rbss         000000
__Hrdata                 rdata        000000
__Hreset_vec             reset_vec    000004
__Hrparam                rparam       000000
__Hsfr                   sfr          000000
__Hsmallconst            smallconst   000824
__Hspace_0               (abs)        30000E
__Hspace_1               (abs)        00001B
__Hspace_2               (abs)        000000
__Hstack                 stack        000000
__Hstruct                struct       000000
__Htemp                  temp         00001B
__Htext                  text         000000
__Htext0                 text0        000000
__Htext1                 text1        000000
__Htext10                text10       000000
__Htext2                 text2        000000
__Htext3                 text3        000000
__Htext4                 text4        000000
__Htext5                 text5        000000
__Htext6                 text6        000000
__Htext7                 text7        000000
__Htext8                 text8        000000
__LRAM                   (abs)        000001
__Labs1                  abs1         000000
__Lbank0                 bank0        000000
__Lbank1                 bank1        000000
__Lbank2                 bank2        000000
__Lbank3                 bank3        000000
__Lbank4                 bank4        000000
__Lbank5                 bank5        000000
__Lbank6                 bank6        000000
__Lbank7                 bank7        000000
__Lbigbss                bigbss       000000
__Lbigdata               bigdata      000000
__Lbigram                bigram       000000
__Lbss                   bss          000000
__LbssCOMRAM             bssCOMRAM    000000
__Lcinit                 cinit        000000
__Lclrtext               clrtext      000000
__Lcomram                comram       000000
__Lconfig                config       300000
__Lconst                 const        000000
__LcstackCOMRAM          cstackCOMRAM 000000
__Ldata                  data         000000
__LdataCOMRAM            dataCOMRAM   000000
__Leeprom_data           eeprom_data  000000
__Lfarbss                farbss       000000
__Lfardata               fardata      000000
__Libigdata              ibigdata     000000
__Lidata                 idata        000000
__LidataCOMRAM           idataCOMRAM  000000
__Lidloc                 idloc        200000
__Lifardata              ifardata     000000
__Linit                  init         00000E
__Lintcode               intcode      000008
__Lintcode_body          intcode_body 000000
__Lintcodelo             intcodelo    00000E
__Lintentry              intentry     000000
__Lintret                intret       000000
__Lintsave_regs          intsave_regs 000000
__Lirdata                irdata       000000
__Lmediumconst           mediumconst  000000
__LnvFARRAM              nvFARRAM     000000
__Lnvbit                 nvbit        000000
__Lnvrram                nvrram       000000
__Lparam                 rparam       000000
__Lpowerup               powerup      00000E
__Lram                   ram          000000
__Lramtop                ramtop       000800
__Lrbit                  rbit         000000
__Lrbss                  rbss         000000
__Lrdata                 rdata        000000
__Lreset_vec             reset_vec    000000
__Lrparam                rparam       000000
__Lsfr                   sfr          000000
__Lsmallconst            smallconst   000800
__Lspace_0               (abs)        000000
__Lspace_1               (abs)        000000
__Lspace_2               (abs)        000000
__Lstack                 stack        000000
__Lstruct                struct       000000
__Ltemp                  temp         00001A
__Ltext                  text         000000
__Ltext0                 text0        000000
__Ltext1                 text1        000000
__Ltext10                text10       000000
__Ltext2                 text2        000000
__Ltext3                 text3        000000
__Ltext4                 text4        000000
__Ltext5                 text5        000000
__Ltext6                 text6        000000
__Ltext7                 text7        000000
__Ltext8                 text8        000000
__S0                     (abs)        30000E
__S1                     (abs)        00001B
__S2                     (abs)        000000
___awdiv                 text2        0008F2
___awdiv@counter         cstackCOMRAM 000008
___awdiv@dividend        cstackCOMRAM 000004
___awdiv@divisor         cstackCOMRAM 000006
___awdiv@quotient        cstackCOMRAM 00000A
___awdiv@sign            cstackCOMRAM 000009
___awmod                 text1        0009B6
___awmod@counter         cstackCOMRAM 000010
___awmod@dividend        cstackCOMRAM 00000C
___awmod@divisor         cstackCOMRAM 00000E
___awmod@sign            cstackCOMRAM 000011
___inthi_sp              stack        000000
___intlo_sp              stack        000000
___param_bank            (abs)        000000
___rparam_used           (abs)        000001
___sp                    stack        000000
__accesstop              (abs)        000060
__activetblptr           (abs)        000002
__end_of_ComandoLCD      text8        000AF8
__end_of_EscreveLCD      text4        000C44
__end_of_IniciaLCD       text7        000C98
__end_of_IntExterna      text6        000CD2
__end_of_PosicionaLCD    text5        000BE6
__end_of_StringLCD       text3        000D42
__end_of___awdiv         text2        0009B6
__end_of___awmod         text1        000A66
__end_of__initialization cinit        000D66
__end_of_high_isr        intcode_body 000B74
__end_of_main            text0        0008F2
__end_ofi2_IntExterna    text10       000D0C
__initialization         cinit        000D42
__mediumconst            mediumconst  000000
__pbssCOMRAM             bssCOMRAM    000018
__pcinit                 cinit        000D42
__pcstackCOMRAM          cstackCOMRAM 000001
__pdataCOMRAM            dataCOMRAM   000012
__pidataCOMRAM           idataCOMRAM  000D74
__pintcode               intcode      000008
__pintcode_body          intcode_body 000AF8
__psmallconst            smallconst   000800
__ptext0                 text0        000824
__ptext1                 text1        0009B6
__ptext10                text10       000CD2
__ptext2                 text2        0008F2
__ptext3                 text3        000D0C
__ptext4                 text4        000BE6
__ptext5                 text5        000B74
__ptext6                 text6        000C98
__ptext7                 text7        000C44
__ptext8                 text8        000A66
__ramtop                 ramtop       000800
__size_of_ComandoLCD     (abs)        000000
__size_of_EscreveLCD     (abs)        000000
__size_of_IniciaLCD      (abs)        000000
__size_of_IntExterna     (abs)        000000
__size_of_PosicionaLCD   (abs)        000000
__size_of_StringLCD      (abs)        000000
__size_of___awdiv        (abs)        000000
__size_of___awmod        (abs)        000000
__size_of_high_isr       (abs)        000000
__size_of_main           (abs)        000000
__size_ofi2_IntExterna   (abs)        000000
__smallconst             smallconst   000800
_high_isr                intcode      000008
_main                    text0        000824
btemp                    temp         00001A
end_of_initialization    cinit        000D66
i2IntExterna@opcao       cstackCOMRAM 000001
i2_IntExterna            text10       000CD2
int$flags                temp         00001A
int_func                 intcode_body 000AF8
intlevel0                text         000000
intlevel1                text         000000
intlevel2                text         000000
intlevel3                text         000000
stackhi                  (abs)        0007FF
stacklo                  (abs)        000060
start                    init         00000E
start_initialization     cinit        000D42
ttemp5                   temp         00001B
ttemp6                   temp         00001E
ttemp7                   temp         000022
wtemp8                   temp         00001B


FUNCTION INFORMATION:

 *************** function _main *****************
 Defined at:
		line 78 in file "main.c"
 Parameters:    Size  Location     Type
		None
 Auto vars:     Size  Location     Type
		None
 Return value:  Size  Location     Type
                  1    wreg      void 
 Registers used:
		wreg, fsr1l, fsr1h, fsr2l, fsr2h, status,2, status,0, tblptrl, tblptrh, tblptru, cstack
 Tracked objects:
		On entry : 
		On exit  : 
		Unchanged: 
 Data sizes:     COMRAM   BANK0   BANK1   BANK2   BANK3   BANK4   BANK5   BANK6   BANK7
      Params:         0       0       0       0       0       0       0       0       0
      Locals:         0       0       0       0       0       0       0       0       0
      Temps:          0       0       0       0       0       0       0       0       0
      Totals:         0       0       0       0       0       0       0       0       0
Total ram usage:        0 bytes
 Hardware stack levels required when called:    4
 This function calls:
		_EscreveLCD
		_IniciaLCD
		_IntExterna
		_PosicionaLCD
		_StringLCD
		___awdiv
		___awmod
 This function is called by:
		Startup code after reset
 This function uses a non-reentrant model


 *************** function ___awmod *****************
 Defined at:
		line 7 in file "C:\Program Files (x86)\Microchip\xc8\v2.10\pic\sources\c99\common\awmod.c"
 Parameters:    Size  Location     Type
  dividend        2   11[COMRAM] int 
  divisor         2   13[COMRAM] int 
 Auto vars:     Size  Location     Type
  sign            1   16[COMRAM] unsigned char 
  counter         1   15[COMRAM] unsigned char 
 Return value:  Size  Location     Type
                  2   11[COMRAM] int 
 Registers used:
		wreg, status,2, status,0
 Tracked objects:
		On entry : 
		On exit  : 
		Unchanged: 
 Data sizes:     COMRAM   BANK0   BANK1   BANK2   BANK3   BANK4   BANK5   BANK6   BANK7
      Params:         4       0       0       0       0       0       0       0       0
      Locals:         2       0       0       0       0       0       0       0       0
      Temps:          0       0       0       0       0       0       0       0       0
      Totals:         6       0       0       0       0       0       0       0       0
Total ram usage:        6 bytes
 Hardware stack levels used:    1
 Hardware stack levels required when called:    2
 This function calls:
		Nothing
 This function is called by:
		_main
 This function uses a non-reentrant model


 *************** function ___awdiv *****************
 Defined at:
		line 7 in file "C:\Program Files (x86)\Microchip\xc8\v2.10\pic\sources\c99\common\awdiv.c"
 Parameters:    Size  Location     Type
  dividend        2    3[COMRAM] int 
  divisor         2    5[COMRAM] int 
 Auto vars:     Size  Location     Type
  quotient        2    9[COMRAM] int 
  sign            1    8[COMRAM] unsigned char 
  counter         1    7[COMRAM] unsigned char 
 Return value:  Size  Location     Type
                  2    3[COMRAM] int 
 Registers used:
		wreg, status,2, status,0
 Tracked objects:
		On entry : 
		On exit  : 
		Unchanged: 
 Data sizes:     COMRAM   BANK0   BANK1   BANK2   BANK3   BANK4   BANK5   BANK6   BANK7
      Params:         4       0       0       0       0       0       0       0       0
      Locals:         4       0       0       0       0       0       0       0       0
      Temps:          0       0       0       0       0       0       0       0       0
      Totals:         8       0       0       0       0       0       0       0       0
Total ram usage:        8 bytes
 Hardware stack levels used:    1
 Hardware stack levels required when called:    2
 This function calls:
		Nothing
 This function is called by:
		_main
 This function uses a non-reentrant model


 *************** function _StringLCD *****************
 Defined at:
		line 104 in file "./lcd_4vias.h"
 Parameters:    Size  Location     Type
  string          2    6[COMRAM] PTR const unsigned char 
		 -> STR_2(17), STR_1(17), 
 Auto vars:     Size  Location     Type
		None
 Return value:  Size  Location     Type
                  1    wreg      void 
 Registers used:
		wreg, status,2, status,0, tblptrl, tblptrh, tblptru, cstack
 Tracked objects:
		On entry : 
		On exit  : 
		Unchanged: 
 Data sizes:     COMRAM   BANK0   BANK1   BANK2   BANK3   BANK4   BANK5   BANK6   BANK7
      Params:         2       0       0       0       0       0       0       0       0
      Locals:         0       0       0       0       0       0       0       0       0
      Temps:          0       0       0       0       0       0       0       0       0
      Totals:         2       0       0       0       0       0       0       0       0
Total ram usage:        2 bytes
 Hardware stack levels used:    1
 Hardware stack levels required when called:    3
 This function calls:
		_EscreveLCD
 This function is called by:
		_main
 This function uses a non-reentrant model


 *************** function _EscreveLCD *****************
 Defined at:
		line 80 in file "./lcd_4vias.h"
 Parameters:    Size  Location     Type
  dado            1    wreg     unsigned char 
 Auto vars:     Size  Location     Type
  dado            1    4[COMRAM] unsigned char 
  i               1    5[COMRAM] unsigned char 
 Return value:  Size  Location     Type
                  1    wreg      void 
 Registers used:
		wreg, status,2, status,0
 Tracked objects:
		On entry : 
		On exit  : 
		Unchanged: 
 Data sizes:     COMRAM   BANK0   BANK1   BANK2   BANK3   BANK4   BANK5   BANK6   BANK7
      Params:         0       0       0       0       0       0       0       0       0
      Locals:         2       0       0       0       0       0       0       0       0
      Temps:          1       0       0       0       0       0       0       0       0
      Totals:         3       0       0       0       0       0       0       0       0
Total ram usage:        3 bytes
 Hardware stack levels used:    1
 Hardware stack levels required when called:    2
 This function calls:
		Nothing
 This function is called by:
		_StringLCD
		_main
		_NumeroLCD
 This function uses a non-reentrant model


 *************** function _PosicionaLCD *****************
 Defined at:
		line 153 in file "./lcd_4vias.h"
 Parameters:    Size  Location     Type
  linha           1    wreg     unsigned char 
  coluna          1    6[COMRAM] unsigned char 
 Auto vars:     Size  Location     Type
  linha           1    9[COMRAM] unsigned char 
  posicao         1   10[COMRAM] unsigned char 
 Return value:  Size  Location     Type
                  1    wreg      void 
 Registers used:
		wreg, status,2, status,0, cstack
 Tracked objects:
		On entry : 
		On exit  : 
		Unchanged: 
 Data sizes:     COMRAM   BANK0   BANK1   BANK2   BANK3   BANK4   BANK5   BANK6   BANK7
      Params:         1       0       0       0       0       0       0       0       0
      Locals:         2       0       0       0       0       0       0       0       0
      Temps:          2       0       0       0       0       0       0       0       0
      Totals:         5       0       0       0       0       0       0       0       0
Total ram usage:        5 bytes
 Hardware stack levels used:    1
 Hardware stack levels required when called:    3
 This function calls:
		_ComandoLCD
 This function is called by:
		_main
 This function uses a non-reentrant model


 *************** function _IntExterna *****************
 Defined at:
		line 21 in file "./intext.h"
 Parameters:    Size  Location     Type
  opcao           2    3[COMRAM] int 
 Auto vars:     Size  Location     Type
		None
 Return value:  Size  Location     Type
                  1    wreg      void 
 Registers used:
		wreg, status,2, status,0
 Tracked objects:
		On entry : 
		On exit  : 
		Unchanged: 
 Data sizes:     COMRAM   BANK0   BANK1   BANK2   BANK3   BANK4   BANK5   BANK6   BANK7
      Params:         2       0       0       0       0       0       0       0       0
      Locals:         0       0       0       0       0       0       0       0       0
      Temps:          0       0       0       0       0       0       0       0       0
      Totals:         2       0       0       0       0       0       0       0       0
Total ram usage:        2 bytes
 Hardware stack levels used:    1
 Hardware stack levels required when called:    2
 This function calls:
		Nothing
 This function is called by:
		_main
 This function uses a non-reentrant model


 *************** function _IniciaLCD *****************
 Defined at:
		line 38 in file "./lcd_4vias.h"
 Parameters:    Size  Location     Type
		None
 Auto vars:     Size  Location     Type
  inicio          6    7[COMRAM] unsigned char [6]
  i               1   13[COMRAM] unsigned char 
 Return value:  Size  Location     Type
                  1    wreg      void 
 Registers used:
		wreg, fsr1l, fsr1h, fsr2l, fsr2h, status,2, status,0, cstack
 Tracked objects:
		On entry : 
		On exit  : 
		Unchanged: 
 Data sizes:     COMRAM   BANK0   BANK1   BANK2   BANK3   BANK4   BANK5   BANK6   BANK7
      Params:         0       0       0       0       0       0       0       0       0
      Locals:         7       0       0       0       0       0       0       0       0
      Temps:          1       0       0       0       0       0       0       0       0
      Totals:         8       0       0       0       0       0       0       0       0
Total ram usage:        8 bytes
 Hardware stack levels used:    1
 Hardware stack levels required when called:    3
 This function calls:
		_ComandoLCD
 This function is called by:
		_main
 This function uses a non-reentrant model


 *************** function _ComandoLCD *****************
 Defined at:
		line 56 in file "./lcd_4vias.h"
 Parameters:    Size  Location     Type
  dado            1    wreg     unsigned char 
 Auto vars:     Size  Location     Type
  dado            1    5[COMRAM] unsigned char 
  i               1    4[COMRAM] unsigned char 
 Return value:  Size  Location     Type
                  1    wreg      void 
 Registers used:
		wreg, status,2, status,0
 Tracked objects:
		On entry : 
		On exit  : 
		Unchanged: 
 Data sizes:     COMRAM   BANK0   BANK1   BANK2   BANK3   BANK4   BANK5   BANK6   BANK7
      Params:         0       0       0       0       0       0       0       0       0
      Locals:         2       0       0       0       0       0       0       0       0
      Temps:          1       0       0       0       0       0       0       0       0
      Totals:         3       0       0       0       0       0       0       0       0
Total ram usage:        3 bytes
 Hardware stack levels used:    1
 Hardware stack levels required when called:    2
 This function calls:
		Nothing
 This function is called by:
		_IniciaLCD
		_PosicionaLCD
		_LimpaLCD
 This function uses a non-reentrant model


 *************** function _high_isr *****************
 Defined at:
		line 59 in file "main.c"
 Parameters:    Size  Location     Type
		None
 Auto vars:     Size  Location     Type
		None
 Return value:  Size  Location     Type
                  1    wreg      void 
 Registers used:
		wreg, status,2, status,0, cstack
 Tracked objects:
		On entry : 
		On exit  : 
		Unchanged: 
 Data sizes:     COMRAM   BANK0   BANK1   BANK2   BANK3   BANK4   BANK5   BANK6   BANK7
      Params:         0       0       0       0       0       0       0       0       0
      Locals:         0       0       0       0       0       0       0       0       0
      Temps:          1       0       0       0       0       0       0       0       0
      Totals:         1       0       0       0       0       0       0       0       0
Total ram usage:        1 bytes
 Hardware stack levels used:    1
 Hardware stack levels required when called:    1
 This function calls:
		i2_IntExterna
 This function is called by:
		Interrupt level 2
 This function uses a non-reentrant model


 *************** function i2_IntExterna *****************
 Defined at:
		line 21 in file "./intext.h"
 Parameters:    Size  Location     Type
  opcao           2    0[COMRAM] int 
 Auto vars:     Size  Location     Type
		None
 Return value:  Size  Location     Type
                  1    wreg      void 
 Registers used:
		wreg, status,2, status,0
 Tracked objects:
		On entry : 
		On exit  : 
		Unchanged: 
 Data sizes:     COMRAM   BANK0   BANK1   BANK2   BANK3   BANK4   BANK5   BANK6   BANK7
      Params:         2       0       0       0       0       0       0       0       0
      Locals:         0       0       0       0       0       0       0       0       0
      Temps:          0       0       0       0       0       0       0       0       0
      Totals:         2       0       0       0       0       0       0       0       0
Total ram usage:        2 bytes
 Hardware stack levels used:    1
 This function calls:
		Nothing
 This function is called by:
		_high_isr
 This function uses a non-reentrant model



MODULE INFORMATION

Module		Function		Class		Link	Load	Size
./lcd_4vias.h
		_StringLCD     		CODE           	0D0C	0000	55
		_EscreveLCD    		CODE           	0BE6	0000	95
		_PosicionaLCD  		CODE           	0B74	0000	115
		_ComandoLCD    		CODE           	0A66	0000	147
		_IniciaLCD     		CODE           	0C44	0000	85

./lcd_4vias.h estimated size: 497

./intext.h
		_IntExterna    		CODE           	0C98	0000	59

./intext.h estimated size: 59

C:\Program Files (x86)\Microchip\xc8\v2.10\pic\sources\c99\common\awdiv.c
		___awdiv       		CODE           	08F2	0000	197

C:\Program Files (x86)\Microchip\xc8\v2.10\pic\sources\c99\common\awdiv.c estimated size: 197

shared
		__initialization		CODE           	0D42	0000	37
		i2_IntExterna  		CODE           	0CD2	0000	59

shared estimated size: 96

C:\Program Files (x86)\Microchip\xc8\v2.10\pic\sources\c99\common\awmod.c
		___awmod       		CODE           	09B6	0000	177

C:\Program Files (x86)\Microchip\xc8\v2.10\pic\sources\c99\common\awmod.c estimated size: 177

main.c
		_main          		CODE           	0824	0000	207
		_high_isr      		CODE           	0008	0000	131

main.c estimated size: 338

